// Jest Snapshot v1, https://goo.gl/fbAQLP

exports[`CalculatorPage component is working 1`] = `null`;
